// Jest Snapshot v1, https://goo.gl/fbAQLP

exports[`ConstructibleChange Component Debería coincidir con la snapshot 1`] = `
<DocumentFragment>
  <div
    class="nonConstructibleChangeContainer"
  >
    <h3>
      Funcion Cambio No Constructible 
    </h3>
    <div
      class="inputNumbersContainer"
    >
      <label>
        Ingrese el array de numeros (separados por comas):
        <input
          class="inputNumbers"
          placeholder="Ej: 1, 2, 3, 4"
          type="text"
          value=""
        />
      </label>
    </div>
    <div
      class="resultContainer"
    >
      <p>
        Cambio minimo : 
      </p>
      <button>
        Calcular
      </button>
    </div>
  </div>
</DocumentFragment>
`;
